// Jest Snapshot v1, https://goo.gl/fbAQLP

exports[`Navigation Component renders correctly 1`] = `
<StackNavigator>
  <Screen
    component={[Function]}
    name="Home"
    options={
      Object {
        "headerShown": false,
      }
    }
  />
  <Screen
    component={[Function]}
    name="Movie"
    options={
      Object {
        "headerShown": false,
      }
    }
  />
</StackNavigator>
`;
