// Jest Snapshot v1, https://goo.gl/fbAQLP

exports[`Error Component renders correctly 1`] = `
<View
  style={
    Object {
      "alignItems": "center",
      "backgroundColor": "black",
      "flex": 1,
      "justifyContent": "center",
    }
  }
>
  <Text
    style={
      Object {
        "color": "white",
        "fontSize": 18,
        "fontWeight": "bold",
      }
    }
  >
    Sorry, something went wrong!
  </Text>
</View>
`;
